GAMS 26.1.0  rf2b37b9 Released Feb  2, 2019 WEX-WEI x86 64bit/MS Windows 04/17/19 16:07:23 Page 1
O'Neil Hammer 3/2 wetsuit - Risk Neutral
C o m p i l a t i o n


   2   
       options to control the random number generator, the solver and the output
   6   
   7  Options seed    =   12345
   8          limrow  =   0
   9          limcol  =   0
  10          iterlim =   1000000
  11          reslim  =   1000000
  12          sysout  =   off
  13          solprint =  off;
  14   
  15   
  16  Set s  scenarios    /s1*s100/;
  17   
  18  Scalar beta      prob. of not being in the tail  /0.98/;
  19   
  20  Scalars mean      mean demand                                  /3192/
  21          sd        standard deviation of demand                 /1181/
  22          p         price of the wetsuit                         /190/
  23          c         average purchase cost                        /110/
  24          v         salvage value                                /90/;
  25   
  26  Parameters demand(s)  demand in scenario s;
  27   
  28  demand(s) = max(normal(mean,sd),0);
  29   
  30  Variables   q             number of suits ordered from supplier
  31              sales(s)      number of suites sold
  32              leftover(s)   leftover inventory
  33              profit(s)     profit from selling the wetsuits in scenario s
  34              exp_profit    expected profit from selling the wetsuits
  35              var           value at Risk
  36              cvar          conditional value at risk
  37              z(s)          tail profit in scenario s;
  38   
  39  Positive Variable q, sales, leftover, z(s);
  40   
  41   
  42  Equations  sales_demand(s)    sales in scenario s less than demand
  43             sales_orders(s)    sales in scenario s are less than orders
  44             leftover_eq(s)     equation to compute leftover inventory
  45             profit_eq(s)       profit in scenario s
  46             exp_profit_eq      expected profit
  47             tails(s)           tails of profit
  48             cvar_eq            cvar;
  49   
  50   
  51  sales_demand(s).. sales(s) =l= demand(s);
  52   
  53  sales_orders(s).. sales(s) =l= q;
  54   
  55  leftover_eq(s)..  leftover(s)=e= q -sales(s);
  56   
  57  profit_eq(s)..    profit(s)=e=(p-c)*sales(s)-(c-v)*leftover(s);
  58   
  59  exp_profit_eq..   exp_profit =e= sum(s, profit(s))/card(s);
  60   
  61  tails(s).. z(s)=g= var-profit(s);
  62   
  63  cvar_eq.. cvar =e= var-1/((1-beta)*card(s))*sum(s,z(s));
  64   
  65  Model hammer  / all / ;
  66   
  67  Solve hammer using lp maximizing cvar;
  68   
  69  *Display exp_profit.l, q.l, profit.l,sales.l, leftover.l, demand;
  70   
  71  **************************************************************************
      ******
  72  ***** Other Measures of Performance **************************************
      ******
  73  **************************************************************************
      ******
  74   
  75  Scalars exp_sales expected sales
  76          exp_lost_sales expected lost sales
  77          exp_leftover expected leftover inventory
  78          stockout_prob stockout probability;
  79   
  80   
  81  exp_sales      = sum(s,sales.l(s))/card(s);
  82   
  83  exp_lost_sales = sum(s,max(demand(s)-q.l,0))/card(s);
  84   
  85  exp_leftover   = sum(s,leftover.l(s))/card(s);
  86   
  87  stockout_prob  = sum(s $ (demand(s) > q.l), 1)/card(s);
  88   
  89  Display exp_sales, exp_lost_sales, exp_leftover, stockout_prob, var.l, cva
      r.l;
  90   
  91  **************************************************************************
      ******
  92  ***** Display Results in Text Files **************************************
      ******
  93  **************************************************************************
      ******
  94  file results /hammer_results.txt/;
  95  put results;
  96   
  97  put 'Orders ', @20, 'Exp_profit ', @40, 'Exp_sales ', @60, 'Exp_lost_sales
       ',
  98  @80, 'Exp_leftover ', @100, 'Stockout_prob ',@120,'var',@140,'cvar'//;
  99   
 100  put  q.l, @20, exp_profit.l, @40, exp_sales, @60, exp_lost_sales,
 101  @80, exp_leftover, @100, stockout_prob, @120,var.l,@140,cvar.l//;
 102   
 103  put //;
 104  put 'Scenario', @20, 'Profit ', @40, 'Sales ', @60, 'Leftover_inv ', @80, 
      'demand '/;
 105   
 106  loop(s,put s.tl, profit.l(s), @40, sales.l(s), @60, leftover.l(s), @80, de
      mand(s)/);
 107   
 108   
 109  **************************************************************************
      ******
 110  ***** Display Results in Text Files **************************************
      ******
 111  ******Using More FILES ***************************************************
      ******
 112  **************************************************************************
      ******
      file results /hammer_results.txt/;
      put results;
      put 'Orders ',     @24, q.l //;
      put 'Exp_profit ', @24, exp_profit.l //;
      put 'Exp_sales ', @24, exp_sales //;
      put 'Exp_lost_sales ', @24, exp_lost_sales //;
      put 'Exp_leftover ', @24, exp_leftover //;
      put 'Stockout_prob ', @24, stockout_prob //;
       
       
      file profit_file /hammer_profit.txt/;
      put profit_file;
      loop(s,put profit.l(s)/);
       
      file sales_file /hammer_sales.txt/;
      put  sales_file;
      loop(s,put sales.l(s)/);
       
       
      file leftover_file /hammer_leftover.txt/;
      put leftover_file;
      loop(s,put leftover.l(s)/);
       
      file demand_file /hammer_demand.txt/;
      put demand_file;
      loop(s,put demand(s)/);
 141   
 142   
 143   


COMPILATION TIME     =        0.000 SECONDS      3 MB  26.1.0 rf2b37b9 WEX-WEI
GAMS 26.1.0  rf2b37b9 Released Feb  2, 2019 WEX-WEI x86 64bit/MS Windows 04/17/19 16:07:23 Page 2
O'Neil Hammer 3/2 wetsuit - Risk Neutral
Model Statistics    SOLVE hammer Using LP From line 67


MODEL STATISTICS

BLOCKS OF EQUATIONS           7     SINGLE EQUATIONS          502
BLOCKS OF VARIABLES           8     SINGLE VARIABLES          404
NON ZERO ELEMENTS         1,403


GENERATION TIME      =        0.031 SECONDS      4 MB  26.1.0 rf2b37b9 WEX-WEI


EXECUTION TIME       =        0.031 SECONDS      4 MB  26.1.0 rf2b37b9 WEX-WEI
GAMS 26.1.0  rf2b37b9 Released Feb  2, 2019 WEX-WEI x86 64bit/MS Windows 04/17/19 16:07:23 Page 3
O'Neil Hammer 3/2 wetsuit - Risk Neutral
Solution Report     SOLVE hammer Using LP From line 67


               S O L V E      S U M M A R Y

     MODEL   hammer              OBJECTIVE  cvar
     TYPE    LP                  DIRECTION  MAXIMIZE
     SOLVER  CPLEX               FROM LINE  67

**** SOLVER STATUS     1 Normal Completion         
**** MODEL STATUS      1 Optimal                   
**** OBJECTIVE VALUE             1429.6181

 RESOURCE USAGE, LIMIT          0.093   1000000.000
 ITERATION COUNT, LIMIT       106       1000000

IBM ILOG CPLEX   26.1.0 rf2b37b9 Released Feb 02, 2019 WEI x86 64bit/MS Window
--- GAMS/Cplex licensed for continuous and discrete problems.
Cplex 12.8.0.0

Space for names approximately 0.02 Mb
Use option 'names no' to turn use of names off
LP status(1): optimal
Cplex Time: 0.08sec (det. 1.60 ticks)
Optimal solution found.
Objective :        1429.618068



**** REPORT SUMMARY :        0     NONOPT
                             0 INFEASIBLE
                             0  UNBOUNDED
                            94  PROJECTED
GAMS 26.1.0  rf2b37b9 Released Feb  2, 2019 WEX-WEI x86 64bit/MS Windows 04/17/19 16:07:23 Page 4
O'Neil Hammer 3/2 wetsuit - Risk Neutral
E x e c u t i o n


----     89 PARAMETER exp_sales            =       47.177  expected sales
            PARAMETER exp_lost_sales       =     3028.540  expected lost sales
            PARAMETER exp_leftover         =        0.477  expected leftover inv
                                                           entory
            PARAMETER stockout_prob        =        0.980  stockout probability
            VARIABLE var.L                 =     3812.315  value at Risk
            VARIABLE cvar.L                =     1429.618  conditional value at 
                                                           risk

**** REPORT FILE SUMMARY

results C:\Users\Administrator\Desktop\MSBA\DSC5211C QUANTITATIVE RISK MANAGEMEN
        T\week11\hammer_results.txt


EXECUTION TIME       =        0.031 SECONDS      3 MB  26.1.0 rf2b37b9 WEX-WEI


USER: Course License NUS Business School             S190121:0416AO-GEN
      Analytics and Operations                                  DC14729
      License for teaching and research at degree granting institutions


**** FILE SUMMARY

Input      C:\Users\Administrator\Desktop\QRM final test\GAMS\hammer\hammer_CVAR
           .gms
Output     C:\Users\Administrator\Desktop\MSBA\DSC5211C QUANTITATIVE RISK MANAGE
           MENT\week11\hammer_CVAR.lst
