GAMS 26.1.0  rf2b37b9 Released Feb  2, 2019 WEX-WEI x86 64bit/MS Windows 04/15/19 10:45:51 Page 1
Petroleum Speculator
C o m p i l a t i o n


   2   
       
         This is a linear programming formulation for optimal management of petr
      oleum
         stockpiles by a speculator.
       
   9   
  10   
  11  Sets  s    state of inventory /s0*s10/
  12        i    state of the oil market  / normal, disrupted, very_disrupted/
  13   
  14  Alias(s,sp,spp), (i,j);
  15   
  16   
  17   
  18  Scalars  b     discount factor  pr month                        /.995/
  19           h     holding cost (us$ per month)                     /0.02/
  20           lag   policy lag  (allowed discrete inventory jumps)   /2/;
  21   
  22  Table  pr(i,j)  transition probability of the world oil market per month
  23                  normal  disrupted very_disrupted
  24  normal            .9       .1           0.0
  25  disrupted         .4       .5           0.1
  26  very_disrupted    .0       .2           0.8;
  27   
  28   
  29  Parameters  lev(s)      level of the inventory  (Kbbl)
  30              price(i)  oil price (us$ per bbl)        /normal  40, disrupte
      d  75, very_disrupted 125/
  31              decision_profit(s,i,sp)  profit associated with each action in
       a given state;
  32   
  33   
  34  lev(s)    = 100*(ord(s)-1);
  35   
  36   
  37  decision_profit(s,i,sp) = inf;
  38  decision_profit(s,i,sp)$(abs(ord(sp)-ord(s)) le lag) = price(i)*(lev(s)-le
      v(sp))-h*lev(sp);
  39   
  40   
  41   
  42  Display lev, price, decision_profit;
  43   
  44  Variables  v(s,i) present value of the profit in state (si)
  45             z      present value of expected cost;
  46   
  47  Equations  stateValue(s,i,sp) define the main equation to calculate the st
      ate value
  48             profit             profit definition;
  49   
  50   
  51  stateValue(s,i,sp)$(abs(ord(sp)-ord(s))le lag)..v(s,i)-b*sum(j,pr(i,j)*v(s
      p,j))=g=decision_profit(s,i,sp);
  52   
  53  profit..   z =e= sum((s,i),v(s,i));
  54   
  55  Model strategic / all /;
  56  Solve strategic using lp minimizing z;
  57   
  58   
  59  Parameters td(s,i,sp) trade ie the Kbbl bought or sold in state (si);
  60   
  61  td(s,i,sp) = 1$ (stateValue.m(s,i,sp)>0);
  62   
  63  Display  decision_profit, z.l, v.l, td, stateValue.m;


COMPILATION TIME     =        0.000 SECONDS      3 MB  26.1.0 rf2b37b9 WEX-WEI
GAMS 26.1.0  rf2b37b9 Released Feb  2, 2019 WEX-WEI x86 64bit/MS Windows 04/15/19 10:45:51 Page 2
Petroleum Speculator
E x e c u t i o n


----     42 PARAMETER lev  level of the inventory  (Kbbl)

s1   100.000,    s2   200.000,    s3   300.000,    s4   400.000,    s5   500.000
s6   600.000,    s7   700.000,    s8   800.000,    s9   900.000,    s10 1000.000


----     42 PARAMETER price  oil price (us$ per bbl)

normal          40.000,    disrupted       75.000,    very_disrupted 125.000


----     42 PARAMETER decision_profit  profit associated with each action in a g
                                       iven state

                            s0          s1          s2          s3          s4

s0 .normal                       -4002.000   -8004.000        +INF        +INF
s0 .disrupted                    -7502.000  -15004.000        +INF        +INF
s0 .very_disrupted              -12502.000  -25004.000        +INF        +INF
s1 .normal            4000.000      -2.000   -4004.000   -8006.000        +INF
s1 .disrupted         7500.000      -2.000   -7504.000  -15006.000        +INF
s1 .very_disrupted   12500.000      -2.000  -12504.000  -25006.000        +INF
s2 .normal            8000.000    3998.000      -4.000   -4006.000   -8008.000
s2 .disrupted        15000.000    7498.000      -4.000   -7506.000  -15008.000
s2 .very_disrupted   25000.000   12498.000      -4.000  -12506.000  -25008.000
s3 .normal                +INF    7998.000    3996.000      -6.000   -4008.000
s3 .disrupted             +INF   14998.000    7496.000      -6.000   -7508.000
s3 .very_disrupted        +INF   24998.000   12496.000      -6.000  -12508.000
s4 .normal                +INF        +INF    7996.000    3994.000      -8.000
s4 .disrupted             +INF        +INF   14996.000    7494.000      -8.000
s4 .very_disrupted        +INF        +INF   24996.000   12494.000      -8.000
s5 .normal                +INF        +INF        +INF    7994.000    3992.000
s5 .disrupted             +INF        +INF        +INF   14994.000    7492.000
s5 .very_disrupted        +INF        +INF        +INF   24994.000   12492.000
s6 .normal                +INF        +INF        +INF        +INF    7992.000
s6 .disrupted             +INF        +INF        +INF        +INF   14992.000
s6 .very_disrupted        +INF        +INF        +INF        +INF   24992.000
s7 .normal                +INF        +INF        +INF        +INF        +INF
s7 .disrupted             +INF        +INF        +INF        +INF        +INF
s7 .very_disrupted        +INF        +INF        +INF        +INF        +INF
s8 .normal                +INF        +INF        +INF        +INF        +INF
s8 .disrupted             +INF        +INF        +INF        +INF        +INF
s8 .very_disrupted        +INF        +INF        +INF        +INF        +INF
s9 .normal                +INF        +INF        +INF        +INF        +INF
s9 .disrupted             +INF        +INF        +INF        +INF        +INF
s9 .very_disrupted        +INF        +INF        +INF        +INF        +INF
s10.normal                +INF        +INF        +INF        +INF        +INF
s10.disrupted             +INF        +INF        +INF        +INF        +INF
s10.very_disrupted        +INF        +INF        +INF        +INF        +INF

                 +          s5          s6          s7          s8          s9

s0 .normal                +INF        +INF        +INF        +INF        +INF
s0 .disrupted             +INF        +INF        +INF        +INF        +INF
s0 .very_disrupted        +INF        +INF        +INF        +INF        +INF
s1 .normal                +INF        +INF        +INF        +INF        +INF
s1 .disrupted             +INF        +INF        +INF        +INF        +INF
s1 .very_disrupted        +INF        +INF        +INF        +INF        +INF
s2 .normal                +INF        +INF        +INF        +INF        +INF
s2 .disrupted             +INF        +INF        +INF        +INF        +INF
s2 .very_disrupted        +INF        +INF        +INF        +INF        +INF
s3 .normal           -8010.000        +INF        +INF        +INF        +INF
s3 .disrupted       -15010.000        +INF        +INF        +INF        +INF
s3 .very_disrupted  -25010.000        +INF        +INF        +INF        +INF
s4 .normal           -4010.000   -8012.000        +INF        +INF        +INF
s4 .disrupted        -7510.000  -15012.000        +INF        +INF        +INF
s4 .very_disrupted  -12510.000  -25012.000        +INF        +INF        +INF
s5 .normal             -10.000   -4012.000   -8014.000        +INF        +INF
s5 .disrupted          -10.000   -7512.000  -15014.000        +INF        +INF
s5 .very_disrupted     -10.000  -12512.000  -25014.000        +INF        +INF
s6 .normal            3990.000     -12.000   -4014.000   -8016.000        +INF
s6 .disrupted         7490.000     -12.000   -7514.000  -15016.000        +INF
s6 .very_disrupted   12490.000     -12.000  -12514.000  -25016.000        +INF
s7 .normal            7990.000    3988.000     -14.000   -4016.000   -8018.000
s7 .disrupted        14990.000    7488.000     -14.000   -7516.000  -15018.000
s7 .very_disrupted   24990.000   12488.000     -14.000  -12516.000  -25018.000
s8 .normal                +INF    7988.000    3986.000     -16.000   -4018.000
s8 .disrupted             +INF   14988.000    7486.000     -16.000   -7518.000
s8 .very_disrupted        +INF   24988.000   12486.000     -16.000  -12518.000
s9 .normal                +INF        +INF    7986.000    3984.000     -18.000
s9 .disrupted             +INF        +INF   14986.000    7484.000     -18.000
s9 .very_disrupted        +INF        +INF   24986.000   12484.000     -18.000
s10.normal                +INF        +INF        +INF    7984.000    3982.000
s10.disrupted             +INF        +INF        +INF   14984.000    7482.000
s10.very_disrupted        +INF        +INF        +INF   24984.000   12482.000

                 +         s10

s0 .normal                +INF
s0 .disrupted             +INF
s0 .very_disrupted        +INF
s1 .normal                +INF
s1 .disrupted             +INF
s1 .very_disrupted        +INF
s2 .normal                +INF
s2 .disrupted             +INF
s2 .very_disrupted        +INF
s3 .normal                +INF
s3 .disrupted             +INF
s3 .very_disrupted        +INF
s4 .normal                +INF
s4 .disrupted             +INF
s4 .very_disrupted        +INF
s5 .normal                +INF
s5 .disrupted             +INF
s5 .very_disrupted        +INF
s6 .normal                +INF
s6 .disrupted             +INF
s6 .very_disrupted        +INF
s7 .normal                +INF
s7 .disrupted             +INF
s7 .very_disrupted        +INF
s8 .normal           -8020.000
s8 .disrupted       -15020.000
s8 .very_disrupted  -25020.000
s9 .normal           -4020.000
s9 .disrupted        -7520.000
s9 .very_disrupted  -12520.000
s10.normal             -20.000
s10.disrupted          -20.000
s10.very_disrupted     -20.000

GAMS 26.1.0  rf2b37b9 Released Feb  2, 2019 WEX-WEI x86 64bit/MS Windows 04/15/19 10:45:51 Page 3
Petroleum Speculator
Equation Listing    SOLVE strategic Using LP From line 56


---- stateValue  =G=  define the main equation to calculate the state value

stateValue(s0,normal,s0)..  0.1045*v(s0,normal) - 0.0995*v(s0,disrupted) =G= 0 ;
     
      (LHS = 0)
     
stateValue(s0,normal,s1)..  v(s0,normal) - 0.8955*v(s1,normal)
     
      - 0.0995*v(s1,disrupted) =G= -4002 ; (LHS = 0)
     
stateValue(s0,normal,s2)..  v(s0,normal) - 0.8955*v(s2,normal)
     
      - 0.0995*v(s2,disrupted) =G= -8004 ; (LHS = 0)
     
REMAINING 144 ENTRIES SKIPPED


---- profit  =E=  profit definition

profit..  - v(s0,normal) - v(s0,disrupted) - v(s0,very_disrupted) - v(s1,normal)
     
      - v(s1,disrupted) - v(s1,very_disrupted) - v(s2,normal) - v(s2,disrupted)
     
      - v(s2,very_disrupted) - v(s3,normal) - v(s3,disrupted)
     
      - v(s3,very_disrupted) - v(s4,normal) - v(s4,disrupted)
     
      - v(s4,very_disrupted) - v(s5,normal) - v(s5,disrupted)
     
      - v(s5,very_disrupted) - v(s6,normal) - v(s6,disrupted)
     
      - v(s6,very_disrupted) - v(s7,normal) - v(s7,disrupted)
     
      - v(s7,very_disrupted) - v(s8,normal) - v(s8,disrupted)
     
      - v(s8,very_disrupted) - v(s9,normal) - v(s9,disrupted)
     
      - v(s9,very_disrupted) - v(s10,normal) - v(s10,disrupted)
     
      - v(s10,very_disrupted) + z =E= 0 ; (LHS = 0)
     
GAMS 26.1.0  rf2b37b9 Released Feb  2, 2019 WEX-WEI x86 64bit/MS Windows 04/15/19 10:45:51 Page 4
Petroleum Speculator
Column Listing      SOLVE strategic Using LP From line 56


---- v  present value of the profit in state (si)

v(s0,normal)
                (.LO, .L, .UP, .M = -INF, 0, +INF, 0)
        0.1045  stateValue(s0,normal,s0)
        1       stateValue(s0,normal,s1)
        1       stateValue(s0,normal,s2)
       -0.398   stateValue(s0,disrupted,s0)
       -0.8955  stateValue(s1,normal,s0)
       -0.398   stateValue(s1,disrupted,s0)
       -0.8955  stateValue(s2,normal,s0)
       -0.398   stateValue(s2,disrupted,s0)
       -1       profit

v(s0,disrupted)
                (.LO, .L, .UP, .M = -INF, 0, +INF, 0)
       -0.0995  stateValue(s0,normal,s0)
        0.5025  stateValue(s0,disrupted,s0)
        1       stateValue(s0,disrupted,s1)
        1       stateValue(s0,disrupted,s2)
       -0.199   stateValue(s0,very_disrupted,s0)
       -0.0995  stateValue(s1,normal,s0)
       -0.4975  stateValue(s1,disrupted,s0)
       -0.199   stateValue(s1,very_disrupted,s0)
       -0.0995  stateValue(s2,normal,s0)
       -0.4975  stateValue(s2,disrupted,s0)
       -0.199   stateValue(s2,very_disrupted,s0)
       -1       profit

v(s0,very_disrupted)
                (.LO, .L, .UP, .M = -INF, 0, +INF, 0)
       -0.0995  stateValue(s0,disrupted,s0)
        0.204   stateValue(s0,very_disrupted,s0)
        1       stateValue(s0,very_disrupted,s1)
        1       stateValue(s0,very_disrupted,s2)
       -0.0995  stateValue(s1,disrupted,s0)
       -0.796   stateValue(s1,very_disrupted,s0)
       -0.0995  stateValue(s2,disrupted,s0)
       -0.796   stateValue(s2,very_disrupted,s0)
       -1       profit

REMAINING 30 ENTRIES SKIPPED

---- z  present value of expected cost

z
                (.LO, .L, .UP, .M = -INF, 0, +INF, 0)
        1       profit

GAMS 26.1.0  rf2b37b9 Released Feb  2, 2019 WEX-WEI x86 64bit/MS Windows 04/15/19 10:45:51 Page 5
Petroleum Speculator
Model Statistics    SOLVE strategic Using LP From line 56


MODEL STATISTICS

BLOCKS OF EQUATIONS           2     SINGLE EQUATIONS          148
BLOCKS OF VARIABLES           2     SINGLE VARIABLES           34
NON ZERO ELEMENTS           491


GENERATION TIME      =        0.000 SECONDS      4 MB  26.1.0 rf2b37b9 WEX-WEI


EXECUTION TIME       =        0.000 SECONDS      4 MB  26.1.0 rf2b37b9 WEX-WEI
GAMS 26.1.0  rf2b37b9 Released Feb  2, 2019 WEX-WEI x86 64bit/MS Windows 04/15/19 10:45:51 Page 6
Petroleum Speculator
Solution Report     SOLVE strategic Using LP From line 56


               S O L V E      S U M M A R Y

     MODEL   strategic           OBJECTIVE  z
     TYPE    LP                  DIRECTION  MINIMIZE
     SOLVER  CPLEX               FROM LINE  56

**** SOLVER STATUS     1 Normal Completion         
**** MODEL STATUS      1 Optimal                   
**** OBJECTIVE VALUE         10020634.7799

 RESOURCE USAGE, LIMIT          0.000      1000.000
 ITERATION COUNT, LIMIT        68    2000000000

IBM ILOG CPLEX   26.1.0 rf2b37b9 Released Feb 02, 2019 WEI x86 64bit/MS Window
Cplex 12.8.0.0

Space for names approximately 0.01 Mb
Use option 'names no' to turn use of names off
LP status(1): optimal
Cplex Time: 0.00sec (det. 0.76 ticks)
Optimal solution found.
Objective :    10020634.779884


---- EQU stateValue  define the main equation to calculate the state value

                          LOWER     LEVEL     UPPER    MARGINAL

s0 .normal        .s0       .     1855.061     +INF       .         
s0 .normal        .s1  -4002.000 -3074.469     +INF       .         
s0 .normal        .s2  -8004.000 -8004.000     +INF    140.329      
s0 .disrupted     .s0       .         .        +INF    270.837      
s0 .disrupted     .s1  -7502.000 -6834.236     +INF       .         
s0 .disrupted     .s2  -1.500E+4 -1.367E+4     +INF       .         
s0 .very_disrupted.s0       .         .        +INF    418.535      
s0 .very_disrupted.s1  -1.250E+4 -1.144E+4     +INF       .         
s0 .very_disrupted.s2  -2.500E+4 -2.288E+4     +INF       .         
s1 .normal        .s0   4000.000  6526.508     +INF       .         
s1 .normal        .s1     -2.000  1596.977     +INF       .         
s1 .normal        .s2  -4004.000 -3332.553     +INF       .         
s1 .normal        .s3  -8006.000 -8006.000     +INF      2.334      
s1 .disrupted     .s0   7500.000  7500.000     +INF      3.377      
s1 .disrupted     .s1     -2.000   665.764     +INF       .         
s1 .disrupted     .s2  -7504.000 -6168.472     +INF       .         
s1 .disrupted     .s3  -1.501E+4 -1.248E+4     +INF       .         
s1 .very_disrupted.s0  12500.000 12500.000     +INF      4.168      
s1 .very_disrupted.s1     -2.000  1057.500     +INF       .         
s1 .very_disrupted.s2  -1.250E+4 -1.038E+4     +INF       .         
s1 .very_disrupted.s3  -2.501E+4 -2.085E+4     +INF       .         
s2 .normal        .s0   8000.000 11197.954     +INF       .         
s2 .normal        .s1   3998.000  6268.424     +INF       .         
s2 .normal        .s2     -4.000  1338.893     +INF       .         
s2 .normal        .s3  -4006.000 -3334.553     +INF       .         
s2 .normal        .s4  -8008.000 -8008.000     +INF    165.929      
s2 .disrupted     .s0  15000.000 15000.000     +INF     75.859      
s2 .disrupted     .s1   7498.000  8165.764     +INF       .         
s2 .disrupted     .s2     -4.000  1331.528     +INF       .         
s2 .disrupted     .s3  -7506.000 -4980.789     +INF       .         
s2 .disrupted     .s4  -1.501E+4 -1.129E+4     +INF       .         
s2 .very_disrupted.s0  25000.000 25000.000     +INF     58.079      
s2 .very_disrupted.s1  12498.000 13557.500     +INF       .         
s2 .very_disrupted.s2     -4.000  2115.000     +INF       .         
s2 .very_disrupted.s3  -1.251E+4 -8351.253     +INF       .         
s2 .very_disrupted.s4  -2.501E+4 -1.882E+4     +INF       .         
s3 .normal        .s1   7998.000 10728.099     +INF       .         
s3 .normal        .s2   3996.000  5798.569     +INF       .         
s3 .normal        .s3     -6.000  1125.122     +INF       .         
s3 .normal        .s4  -4008.000 -3548.325     +INF       .         
s3 .normal        .s5  -8010.000 -8010.000     +INF      4.337      
s3 .disrupted     .s1  14998.000 14998.000     +INF      3.353      
s3 .disrupted     .s2   7496.000  8163.764     +INF       .         
s3 .disrupted     .s3     -6.000  1851.446     +INF       .         
s3 .disrupted     .s4  -7508.000 -4460.871     +INF       .         
s3 .disrupted     .s5  -1.501E+4 -1.035E+4     +INF       .         
s3 .very_disrupted.s1  24998.000 24998.000     +INF      3.561      
s3 .very_disrupted.s2  12496.000 13555.500     +INF       .         
s3 .very_disrupted.s3     -6.000  3089.247     +INF       .         
s3 .very_disrupted.s4  -1.251E+4 -7377.006     +INF       .         
s3 .very_disrupted.s5  -2.501E+4 -1.696E+4     +INF       .         
s4 .normal        .s2   7996.000 10258.244     +INF       .         
s4 .normal        .s3   3994.000  5584.797     +INF       .         
s4 .normal        .s4     -8.000   911.351     +INF       .         
s4 .normal        .s5  -4010.000 -3550.325     +INF       .         
s4 .normal        .s6  -8012.000 -8012.000     +INF    205.632      
s4 .disrupted     .s2  14996.000 14996.000     +INF     98.655      
s4 .disrupted     .s3   7494.000  8683.682     +INF       .         
s4 .disrupted     .s4     -8.000  2371.364     +INF       .         
s4 .disrupted     .s5  -7510.000 -3513.122     +INF       .         
s4 .disrupted     .s6  -1.501E+4 -9397.609     +INF       .         
s4 .very_disrupted.s2  24996.000 24996.000     +INF     59.376      
s4 .very_disrupted.s3  12494.000 14529.747     +INF       .         
s4 .very_disrupted.s4     -8.000  4063.494     +INF       .         
s4 .very_disrupted.s5  -1.251E+4 -5521.804     +INF       .         
s4 .very_disrupted.s6  -2.501E+4 -1.511E+4     +INF       .         
s5 .normal        .s3   7994.000  9865.980     +INF       .         
s5 .normal        .s4   3992.000  5192.533     +INF       .         
s5 .normal        .s5    -10.000   730.858     +INF       .         
s5 .normal        .s6  -4012.000 -3730.818     +INF       .         
s5 .normal        .s7  -8014.000 -8014.000     +INF      5.932      
s5 .disrupted     .s3  14994.000 14994.000     +INF      3.132      
s5 .disrupted     .s4   7492.000  8681.682     +INF       .         
s5 .disrupted     .s5    -10.000  2797.195     +INF       .         
s5 .disrupted     .s6  -7512.000 -3087.291     +INF       .         
s5 .disrupted     .s7  -1.501E+4 -8610.867     +INF       .         
s5 .very_disrupted.s3  24994.000 24994.000     +INF      2.826      
s5 .very_disrupted.s4  12492.000 14527.747     +INF       .         
s5 .very_disrupted.s5    -10.000  4942.449     +INF       .         
s5 .very_disrupted.s6  -1.251E+4 -4642.850     +INF       .         
s5 .very_disrupted.s7  -2.501E+4 -1.344E+4     +INF       .         
s6 .normal        .s4   7992.000  9473.715     +INF       .         
s6 .normal        .s5   3990.000  5012.040     +INF       .         
s6 .normal        .s6    -12.000   550.364     +INF       .         
s6 .normal        .s7  -4014.000 -3732.818     +INF       .         
s6 .normal        .s8  -8016.000 -8016.000     +INF    274.126      
s6 .disrupted     .s4  14992.000 14992.000     +INF    140.811      
s6 .disrupted     .s5   7490.000  9107.513     +INF       .         
s6 .disrupted     .s6    -12.000  3223.026     +INF       .         
s6 .disrupted     .s7  -7514.000 -2300.549     +INF       .         
s6 .disrupted     .s8  -1.502E+4 -7824.124     +INF       .         
s6 .very_disrupted.s4  24992.000 24992.000     +INF     55.735      
s6 .very_disrupted.s5  12490.000 15406.701     +INF       .         
s6 .very_disrupted.s6    -12.000  5821.403     +INF       .         
s6 .very_disrupted.s7  -1.251E+4 -2977.518     +INF       .         
s6 .very_disrupted.s8  -2.502E+4 -1.178E+4     +INF       .         
s7 .normal        .s5   7990.000  9141.436     +INF       .         
s7 .normal        .s6   3988.000  4679.761     +INF       .         
s7 .normal        .s7    -14.000   396.579     +INF       .         
s7 .normal        .s8  -4016.000 -3886.603     +INF       .         
s7 .normal        .s9  -8018.000 -8018.000     +INF      6.986      
s7 .disrupted     .s5  14990.000 14990.000     +INF      2.633      
s7 .disrupted     .s6   7488.000  9105.513     +INF       .         
s7 .disrupted     .s7    -14.000  3581.938     +INF       .         
s7 .disrupted     .s8  -7516.000 -1941.637     +INF       .         
s7 .disrupted     .s9  -1.502E+4 -7155.915     +INF       .         
s7 .very_disrupted.s5  24990.000 24990.000     +INF      1.965      
s7 .very_disrupted.s6  12488.000 15404.701     +INF       .         
s7 .very_disrupted.s7    -14.000  6605.781     +INF       .         
s7 .very_disrupted.s8  -1.252E+4 -2193.140     +INF       .         
s7 .very_disrupted.s9  -2.502E+4 -1.029E+4     +INF       .         
s8 .normal        .s6   7988.000  8809.158     +INF       .         
s8 .normal        .s7   3986.000  4525.976     +INF       .         
s8 .normal        .s8    -16.000   242.793     +INF       .         
s8 .normal        .s9  -4018.000 -3888.603     +INF       .         
s8 .normal        .s10 -8020.000 -8020.000     +INF    402.559      
s8 .disrupted     .s6  14988.000 14988.000     +INF    223.574      
s8 .disrupted     .s7   7486.000  9464.425     +INF       .         
s8 .disrupted     .s8    -16.000  3940.849     +INF       .         
s8 .disrupted     .s9  -7518.000 -1273.428     +INF       .         
s8 .disrupted     .s10 -1.502E+4 -6487.705     +INF       .         
s8 .very_disrupted.s6  24988.000 24988.000     +INF     40.816      
s8 .very_disrupted.s7  12486.000 16189.079     +INF       .         
s8 .very_disrupted.s8    -16.000  7390.159     +INF       .         
s8 .very_disrupted.s9  -1.252E+4  -710.983     +INF       .         
s8 .very_disrupted.s10 -2.502E+4 -8812.126     +INF       .         
s9 .normal        .s7   7986.000  8525.976     +INF       .         
s9 .normal        .s8   3984.000  4242.793     +INF       .         
s9 .normal        .s9    -18.000   111.397     +INF       .         
s9 .normal        .s10 -4020.000 -4020.000     +INF      7.256      
s9 .disrupted     .s7  14986.000 14986.000     +INF      1.695      
s9 .disrupted     .s8   7484.000  9462.425     +INF       .         
s9 .disrupted     .s9    -18.000  4248.147     +INF       .         
s9 .disrupted     .s10 -7520.000  -966.130     +INF       .         
s9 .very_disrupted.s7  24986.000 24986.000     +INF      1.000      
s9 .very_disrupted.s8  12484.000 16187.079     +INF       .         
s9 .very_disrupted.s9    -18.000  8085.937     +INF       .         
s9 .very_disrupted.s10 -1.252E+4   -15.205     +INF       .         
s10.normal        .s8   7984.000  8242.793     +INF       .         
s10.normal        .s9   3982.000  4111.397     +INF       .         
s10.normal        .s10   -20.000   -20.000     +INF   3521.434      
s10.disrupted     .s8  14984.000 14984.000     +INF    392.159      
s10.disrupted     .s9   7482.000  9769.723     +INF       .         
s10.disrupted     .s10   -20.000  4555.445     +INF       .         
s10.very_disrupted.s8  24984.000 24984.000     +INF      1.000      
s10.very_disrupted.s9  12482.000 16882.858     +INF       .         
s10.very_disrupted.s10   -20.000  8781.716     +INF       .         

                       LOWER     LEVEL     UPPER    MARGINAL

---- EQU profit          .         .         .        1.000      

  profit  profit definition

---- VAR v  present value of the profit in state (si)

                      LOWER     LEVEL     UPPER    MARGINAL

s0 .normal             -INF  2.7178E+5     +INF       .         
s0 .disrupted          -INF  2.6679E+5     +INF       .         
s0 .very_disrupted     -INF  2.6026E+5     +INF       .         
s1 .normal             -INF  2.7645E+5     +INF       .         
s1 .disrupted          -INF  2.7429E+5     +INF       .         
s1 .very_disrupted     -INF  2.7276E+5     +INF       .         
s2 .normal             -INF  2.8112E+5     +INF       .         
s2 .disrupted          -INF  2.8179E+5     +INF       .         
s2 .very_disrupted     -INF  2.8526E+5     +INF       .         
s3 .normal             -INF  2.8558E+5     +INF       .         
s3 .disrupted          -INF  2.8863E+5     +INF       .         
s3 .very_disrupted     -INF  2.9670E+5     +INF       .         
s4 .normal             -INF  2.9004E+5     +INF       .         
s4 .disrupted          -INF  2.9546E+5     +INF       .         
s4 .very_disrupted     -INF  3.0814E+5     +INF       .         
s5 .normal             -INF  2.9432E+5     +INF       .         
s5 .disrupted          -INF  3.0177E+5     +INF       .         
s5 .very_disrupted     -INF  3.1860E+5     +INF       .         
s6 .normal             -INF  2.9861E+5     +INF       .         
s6 .disrupted          -INF  3.0808E+5     +INF       .         
s6 .very_disrupted     -INF  3.2907E+5     +INF       .         
s7 .normal             -INF  3.0274E+5     +INF       .         
s7 .disrupted          -INF  3.1396E+5     +INF       .         
s7 .very_disrupted     -INF  3.3865E+5     +INF       .         
s8 .normal             -INF  3.0686E+5     +INF       .         
s8 .disrupted          -INF  3.1985E+5     +INF       .         
s8 .very_disrupted     -INF  3.4823E+5     +INF       .         
s9 .normal             -INF  3.1086E+5     +INF       .         
s9 .disrupted          -INF  3.2537E+5     +INF       .         
s9 .very_disrupted     -INF  3.5703E+5     +INF       .         
s10.normal             -INF  3.1486E+5     +INF       .         
s10.disrupted          -INF  3.3089E+5     +INF       .         
s10.very_disrupted     -INF  3.6583E+5     +INF       .         

                       LOWER     LEVEL     UPPER    MARGINAL

---- VAR z              -INF  1.0021E+7     +INF       .         

  z  present value of expected cost


**** REPORT SUMMARY :        0     NONOPT
                             0 INFEASIBLE
                             0  UNBOUNDED
GAMS 26.1.0  rf2b37b9 Released Feb  2, 2019 WEX-WEI x86 64bit/MS Windows 04/15/19 10:45:51 Page 7
Petroleum Speculator
E x e c u t i o n


----     63 PARAMETER decision_profit  profit associated with each action in a g
                                       iven state

                            s0          s1          s2          s3          s4

s0 .normal                       -4002.000   -8004.000        +INF        +INF
s0 .disrupted                    -7502.000  -15004.000        +INF        +INF
s0 .very_disrupted              -12502.000  -25004.000        +INF        +INF
s1 .normal            4000.000      -2.000   -4004.000   -8006.000        +INF
s1 .disrupted         7500.000      -2.000   -7504.000  -15006.000        +INF
s1 .very_disrupted   12500.000      -2.000  -12504.000  -25006.000        +INF
s2 .normal            8000.000    3998.000      -4.000   -4006.000   -8008.000
s2 .disrupted        15000.000    7498.000      -4.000   -7506.000  -15008.000
s2 .very_disrupted   25000.000   12498.000      -4.000  -12506.000  -25008.000
s3 .normal                +INF    7998.000    3996.000      -6.000   -4008.000
s3 .disrupted             +INF   14998.000    7496.000      -6.000   -7508.000
s3 .very_disrupted        +INF   24998.000   12496.000      -6.000  -12508.000
s4 .normal                +INF        +INF    7996.000    3994.000      -8.000
s4 .disrupted             +INF        +INF   14996.000    7494.000      -8.000
s4 .very_disrupted        +INF        +INF   24996.000   12494.000      -8.000
s5 .normal                +INF        +INF        +INF    7994.000    3992.000
s5 .disrupted             +INF        +INF        +INF   14994.000    7492.000
s5 .very_disrupted        +INF        +INF        +INF   24994.000   12492.000
s6 .normal                +INF        +INF        +INF        +INF    7992.000
s6 .disrupted             +INF        +INF        +INF        +INF   14992.000
s6 .very_disrupted        +INF        +INF        +INF        +INF   24992.000
s7 .normal                +INF        +INF        +INF        +INF        +INF
s7 .disrupted             +INF        +INF        +INF        +INF        +INF
s7 .very_disrupted        +INF        +INF        +INF        +INF        +INF
s8 .normal                +INF        +INF        +INF        +INF        +INF
s8 .disrupted             +INF        +INF        +INF        +INF        +INF
s8 .very_disrupted        +INF        +INF        +INF        +INF        +INF
s9 .normal                +INF        +INF        +INF        +INF        +INF
s9 .disrupted             +INF        +INF        +INF        +INF        +INF
s9 .very_disrupted        +INF        +INF        +INF        +INF        +INF
s10.normal                +INF        +INF        +INF        +INF        +INF
s10.disrupted             +INF        +INF        +INF        +INF        +INF
s10.very_disrupted        +INF        +INF        +INF        +INF        +INF

                 +          s5          s6          s7          s8          s9

s0 .normal                +INF        +INF        +INF        +INF        +INF
s0 .disrupted             +INF        +INF        +INF        +INF        +INF
s0 .very_disrupted        +INF        +INF        +INF        +INF        +INF
s1 .normal                +INF        +INF        +INF        +INF        +INF
s1 .disrupted             +INF        +INF        +INF        +INF        +INF
s1 .very_disrupted        +INF        +INF        +INF        +INF        +INF
s2 .normal                +INF        +INF        +INF        +INF        +INF
s2 .disrupted             +INF        +INF        +INF        +INF        +INF
s2 .very_disrupted        +INF        +INF        +INF        +INF        +INF
s3 .normal           -8010.000        +INF        +INF        +INF        +INF
s3 .disrupted       -15010.000        +INF        +INF        +INF        +INF
s3 .very_disrupted  -25010.000        +INF        +INF        +INF        +INF
s4 .normal           -4010.000   -8012.000        +INF        +INF        +INF
s4 .disrupted        -7510.000  -15012.000        +INF        +INF        +INF
s4 .very_disrupted  -12510.000  -25012.000        +INF        +INF        +INF
s5 .normal             -10.000   -4012.000   -8014.000        +INF        +INF
s5 .disrupted          -10.000   -7512.000  -15014.000        +INF        +INF
s5 .very_disrupted     -10.000  -12512.000  -25014.000        +INF        +INF
s6 .normal            3990.000     -12.000   -4014.000   -8016.000        +INF
s6 .disrupted         7490.000     -12.000   -7514.000  -15016.000        +INF
s6 .very_disrupted   12490.000     -12.000  -12514.000  -25016.000        +INF
s7 .normal            7990.000    3988.000     -14.000   -4016.000   -8018.000
s7 .disrupted        14990.000    7488.000     -14.000   -7516.000  -15018.000
s7 .very_disrupted   24990.000   12488.000     -14.000  -12516.000  -25018.000
s8 .normal                +INF    7988.000    3986.000     -16.000   -4018.000
s8 .disrupted             +INF   14988.000    7486.000     -16.000   -7518.000
s8 .very_disrupted        +INF   24988.000   12486.000     -16.000  -12518.000
s9 .normal                +INF        +INF    7986.000    3984.000     -18.000
s9 .disrupted             +INF        +INF   14986.000    7484.000     -18.000
s9 .very_disrupted        +INF        +INF   24986.000   12484.000     -18.000
s10.normal                +INF        +INF        +INF    7984.000    3982.000
s10.disrupted             +INF        +INF        +INF   14984.000    7482.000
s10.very_disrupted        +INF        +INF        +INF   24984.000   12482.000

                 +         s10

s0 .normal                +INF
s0 .disrupted             +INF
s0 .very_disrupted        +INF
s1 .normal                +INF
s1 .disrupted             +INF
s1 .very_disrupted        +INF
s2 .normal                +INF
s2 .disrupted             +INF
s2 .very_disrupted        +INF
s3 .normal                +INF
s3 .disrupted             +INF
s3 .very_disrupted        +INF
s4 .normal                +INF
s4 .disrupted             +INF
s4 .very_disrupted        +INF
s5 .normal                +INF
s5 .disrupted             +INF
s5 .very_disrupted        +INF
s6 .normal                +INF
s6 .disrupted             +INF
s6 .very_disrupted        +INF
s7 .normal                +INF
s7 .disrupted             +INF
s7 .very_disrupted        +INF
s8 .normal           -8020.000
s8 .disrupted       -15020.000
s8 .very_disrupted  -25020.000
s9 .normal           -4020.000
s9 .disrupted        -7520.000
s9 .very_disrupted  -12520.000
s10.normal             -20.000
s10.disrupted          -20.000
s10.very_disrupted     -20.000


----     63 VARIABLE z.L                   =  1.002063E+7  present value of expe
                                                           cted cost

----     63 VARIABLE v.L  present value of the profit in state (si)

         normal   disrupted  very_disr~

s0   271781.468  266794.998  260255.905
s1   276452.914  274294.998  272755.905
s2   281124.361  281794.998  285255.905
s3   285584.036  288627.234  296696.405
s4   290043.712  295459.470  308136.905
s5   294324.894  301769.788  318601.158
s6   298606.076  308080.106  329065.411
s7   302735.473  313962.592  338648.710
s8   306864.869  319845.079  348232.008
s9   310864.869  325366.654  357028.929
s10  314864.869  330888.230  365825.849


----     63 PARAMETER td  trade ie the Kbbl bought or sold in state (si)

                            s0          s1          s2          s3          s4

s0 .normal                                       1.000
s0 .disrupted            1.000
s0 .very_disrupted       1.000
s1 .normal                                                   1.000
s1 .disrupted            1.000
s1 .very_disrupted       1.000
s2 .normal                                                               1.000
s2 .disrupted            1.000
s2 .very_disrupted       1.000
s3 .disrupted                        1.000
s3 .very_disrupted                   1.000
s4 .disrupted                                    1.000
s4 .very_disrupted                               1.000
s5 .disrupted                                                1.000
s5 .very_disrupted                                           1.000
s6 .disrupted                                                            1.000
s6 .very_disrupted                                                       1.000

                 +          s5          s6          s7          s8          s9

s3 .normal               1.000
s4 .normal                           1.000
s5 .normal                                       1.000
s6 .normal                                                   1.000
s7 .normal                                                               1.000
s7 .disrupted            1.000
s7 .very_disrupted       1.000
s8 .disrupted                        1.000
s8 .very_disrupted                   1.000
s9 .disrupted                                    1.000
s9 .very_disrupted                               1.000
s10.disrupted                                                1.000
s10.very_disrupted                                           1.000

                 +         s10

s8 .normal               1.000
s9 .normal               1.000
s10.normal               1.000


----     63 EQUATION stateValue.M  define the main equation to calculate the sta
                                   te value

                            s0          s1          s2          s3          s4

s0 .normal                                     140.329
s0 .disrupted          270.837
s0 .very_disrupted     418.535
s1 .normal                                                   2.334
s1 .disrupted            3.377
s1 .very_disrupted       4.168
s2 .normal                                                             165.929
s2 .disrupted           75.859
s2 .very_disrupted      58.079
s3 .disrupted                        3.353
s3 .very_disrupted                   3.561
s4 .disrupted                                   98.655
s4 .very_disrupted                              59.376
s5 .disrupted                                                3.132
s5 .very_disrupted                                           2.826
s6 .disrupted                                                          140.811
s6 .very_disrupted                                                      55.735

                 +          s5          s6          s7          s8          s9

s3 .normal               4.337
s4 .normal                         205.632
s5 .normal                                       5.932
s6 .normal                                                 274.126
s7 .normal                                                               6.986
s7 .disrupted            2.633
s7 .very_disrupted       1.965
s8 .disrupted                      223.574
s8 .very_disrupted                  40.816
s9 .disrupted                                    1.695
s9 .very_disrupted                               1.000
s10.disrupted                                              392.159
s10.very_disrupted                                           1.000

                 +         s10

s8 .normal             402.559
s9 .normal               7.256
s10.normal            3521.434



EXECUTION TIME       =        0.000 SECONDS      3 MB  26.1.0 rf2b37b9 WEX-WEI


USER: Course License NUS Business School             S190121:0416AO-GEN
      Analytics and Operations                                  DC14729
      License for teaching and research at degree granting institutions


**** FILE SUMMARY

Input      C:\Users\Administrator\Desktop\MSBA\DSC5211C QUANTITATIVE RISK MANAGE
           MENT\week7\oilSpeculatorBase.gms
Output     C:\Users\Administrator\Desktop\MSBA\DSC5211C QUANTITATIVE RISK MANAGE
           MENT\week11\oilSpeculatorBase.lst
